src/hooks/useVoice.ts(14,31): error TS2304: Cannot find name 'SpeechRecognition'.
src/hooks/useVoice.ts(15,37): error TS2304: Cannot find name 'SpeechRecognition'.
src/hooks/useVoice.ts(23,27): error TS2304: Cannot find name 'SpeechRecognition'.
src/hooks/useVoice.ts(45,23): error TS7006: Parameter 'e' implicitly has an 'any' type.
src/hooks/useVoice.ts(47,21): error TS18046: 'r' is of type 'unknown'.
src/hooks/useVoice.ts(51,22): error TS7006: Parameter 'e' implicitly has an 'any' type.
